[2025-10-23T07:00:56.986+0000] {local_task_job_runner.py:123} INFO - ::group::Pre task execution logs
[2025-10-23T07:00:57.001+0000] {taskinstance.py:2614} INFO - Dependencies all met for dep_context=non-requeueable deps ti=<TaskInstance: online_retail_daily_etl.load manual__2025-10-23T07:00:49.734261+00:00 [queued]>
[2025-10-23T07:00:57.009+0000] {taskinstance.py:2614} INFO - Dependencies all met for dep_context=requeueable deps ti=<TaskInstance: online_retail_daily_etl.load manual__2025-10-23T07:00:49.734261+00:00 [queued]>
[2025-10-23T07:00:57.010+0000] {taskinstance.py:2867} INFO - Starting attempt 1 of 3
[2025-10-23T07:00:57.019+0000] {taskinstance.py:2890} INFO - Executing <Task(_PythonDecoratedOperator): load> on 2025-10-23 07:00:49.734261+00:00
[2025-10-23T07:00:57.025+0000] {logging_mixin.py:190} WARNING - /home/***/.local/lib/python3.12/site-packages/***/task/task_runner/standard_task_runner.py:70 DeprecationWarning: This process (pid=777) is multi-threaded, use of fork() may lead to deadlocks in the child.
[2025-10-23T07:00:57.027+0000] {standard_task_runner.py:72} INFO - Started process 779 to run task
[2025-10-23T07:00:57.026+0000] {standard_task_runner.py:104} INFO - Running: ['***', 'tasks', 'run', 'online_retail_daily_etl', 'load', 'manual__2025-10-23T07:00:49.734261+00:00', '--job-id', '4', '--raw', '--subdir', 'DAGS_FOLDER/etl_retail.py', '--cfg-path', '/tmp/tmpyfu9d_qu']
[2025-10-23T07:00:57.028+0000] {standard_task_runner.py:105} INFO - Job 4: Subtask load
[2025-10-23T07:00:57.042+0000] {logging_mixin.py:190} WARNING - /home/***/.local/lib/python3.12/site-packages/***/settings.py:209 DeprecationWarning: The sql_alchemy_conn option in [core] has been moved to the sql_alchemy_conn option in [database] - the old setting has been used, but please update your config.
[2025-10-23T07:00:57.078+0000] {task_command.py:467} INFO - Running <TaskInstance: online_retail_daily_etl.load manual__2025-10-23T07:00:49.734261+00:00 [running]> on host a0e664e85940
[2025-10-23T07:00:57.341+0000] {taskinstance.py:3134} INFO - Exporting env vars: AIRFLOW_CTX_DAG_OWNER='***' AIRFLOW_CTX_DAG_ID='online_retail_daily_etl' AIRFLOW_CTX_TASK_ID='load' AIRFLOW_CTX_EXECUTION_DATE='2025-10-23T07:00:49.734261+00:00' AIRFLOW_CTX_TRY_NUMBER='1' AIRFLOW_CTX_DAG_RUN_ID='manual__2025-10-23T07:00:49.734261+00:00'
[2025-10-23T07:00:57.342+0000] {taskinstance.py:732} INFO - ::endgroup::
[2025-10-23T07:00:57.350+0000] {base.py:84} INFO - Retrieving connection 'my_postgres_conn'
[2025-10-23T07:00:57.357+0000] {base.py:84} INFO - Retrieving connection 'my_postgres_conn'
[2025-10-23T07:00:57.358+0000] {logging_mixin.py:190} INFO - Loading Customer...
[2025-10-23T07:00:57.617+0000] {logging_mixin.py:190} INFO - Loading Product...
[2025-10-23T07:00:58.819+0000] {logging_mixin.py:190} INFO - Loading DimTime...
[2025-10-23T07:00:58.854+0000] {logging_mixin.py:190} INFO - Loading OrderSummary...
[2025-10-23T07:01:01.138+0000] {logging_mixin.py:190} INFO - Loading OrderDetails...
[2025-10-23T07:01:07.836+0000] {logging_mixin.py:190} INFO - All tables loaded successfully.
[2025-10-23T07:01:07.836+0000] {python.py:240} INFO - Done. Returned value was: None
[2025-10-23T07:01:07.842+0000] {taskinstance.py:341} INFO - ::group::Post task execution logs
[2025-10-23T07:01:07.843+0000] {taskinstance.py:353} INFO - Marking task as SUCCESS. dag_id=online_retail_daily_etl, task_id=load, run_id=manual__2025-10-23T07:00:49.734261+00:00, execution_date=20251023T070049, start_date=20251023T070057, end_date=20251023T070107
[2025-10-23T07:01:07.890+0000] {local_task_job_runner.py:266} INFO - Task exited with return code 0
[2025-10-23T07:01:07.900+0000] {taskinstance.py:3901} INFO - 0 downstream tasks scheduled from follow-on schedule check
[2025-10-23T07:01:07.902+0000] {local_task_job_runner.py:245} INFO - ::endgroup::
