[2025-10-23T07:00:54.207+0000] {local_task_job_runner.py:123} INFO - ::group::Pre task execution logs
[2025-10-23T07:00:54.222+0000] {taskinstance.py:2614} INFO - Dependencies all met for dep_context=non-requeueable deps ti=<TaskInstance: online_retail_daily_etl.transform manual__2025-10-23T07:00:49.734261+00:00 [queued]>
[2025-10-23T07:00:54.229+0000] {taskinstance.py:2614} INFO - Dependencies all met for dep_context=requeueable deps ti=<TaskInstance: online_retail_daily_etl.transform manual__2025-10-23T07:00:49.734261+00:00 [queued]>
[2025-10-23T07:00:54.230+0000] {taskinstance.py:2867} INFO - Starting attempt 1 of 3
[2025-10-23T07:00:54.240+0000] {taskinstance.py:2890} INFO - Executing <Task(_PythonDecoratedOperator): transform> on 2025-10-23 07:00:49.734261+00:00
[2025-10-23T07:00:54.247+0000] {logging_mixin.py:190} WARNING - /home/***/.local/lib/python3.12/site-packages/***/task/task_runner/standard_task_runner.py:70 DeprecationWarning: This process (pid=754) is multi-threaded, use of fork() may lead to deadlocks in the child.
[2025-10-23T07:00:54.248+0000] {standard_task_runner.py:72} INFO - Started process 756 to run task
[2025-10-23T07:00:54.247+0000] {standard_task_runner.py:104} INFO - Running: ['***', 'tasks', 'run', 'online_retail_daily_etl', 'transform', 'manual__2025-10-23T07:00:49.734261+00:00', '--job-id', '3', '--raw', '--subdir', 'DAGS_FOLDER/etl_retail.py', '--cfg-path', '/tmp/tmpbzabo0bq']
[2025-10-23T07:00:54.249+0000] {standard_task_runner.py:105} INFO - Job 3: Subtask transform
[2025-10-23T07:00:54.263+0000] {logging_mixin.py:190} WARNING - /home/***/.local/lib/python3.12/site-packages/***/settings.py:209 DeprecationWarning: The sql_alchemy_conn option in [core] has been moved to the sql_alchemy_conn option in [database] - the old setting has been used, but please update your config.
[2025-10-23T07:00:54.299+0000] {task_command.py:467} INFO - Running <TaskInstance: online_retail_daily_etl.transform manual__2025-10-23T07:00:49.734261+00:00 [running]> on host a0e664e85940
[2025-10-23T07:00:54.659+0000] {taskinstance.py:3134} INFO - Exporting env vars: AIRFLOW_CTX_DAG_OWNER='***' AIRFLOW_CTX_DAG_ID='online_retail_daily_etl' AIRFLOW_CTX_TASK_ID='transform' AIRFLOW_CTX_EXECUTION_DATE='2025-10-23T07:00:49.734261+00:00' AIRFLOW_CTX_TRY_NUMBER='1' AIRFLOW_CTX_DAG_RUN_ID='manual__2025-10-23T07:00:49.734261+00:00'
[2025-10-23T07:00:54.661+0000] {taskinstance.py:732} INFO - ::endgroup::
[2025-10-23T07:00:55.019+0000] {python.py:240} INFO - Done. Returned value was: {'Customer':         CustomerID         Country
0          17850.0  United Kingdom
9          13047.0  United Kingdom
26         12583.0          France
46         13748.0  United Kingdom
65         15100.0  United Kingdom
...            ...             ...
536969     13436.0  United Kingdom
537255     15520.0  United Kingdom
538064     13298.0  United Kingdom
538812     14569.0  United Kingdom
541768     12713.0         Germany

[4380 rows x 2 columns], 'Product':        ProductID                          Description  UnitPrice
0         85123A   WHITE HANGING HEART T-LIGHT HOLDER       2.55
1          71053                  WHITE METAL LANTERN       3.39
2         84406B       CREAM CUPID HEARTS COAT HANGER       2.75
3         84029G  KNITTED UNION FLAG HOT WATER BOTTLE       3.39
4         84029E       RED WOOLLY HOTTIE WHITE HEART.       3.39
...          ...                                  ...        ...
540068     23526                WALL ART DOG LICENCE        3.90
540272     21253       SET OF PICTURE FRAME  STICKERS       0.79
540421     23843          PAPER CRAFT , LITTLE BIRDIE       2.08
541541         M                               Manual     224.69
541633     20936                 FORKED CACTUS CANDLE       1.25

[9206 rows x 3 columns], 'DimTime':             TimeID  Hour
0       2010-12-01     8
46      2010-12-01     9
197     2010-12-01    10
318     2010-12-01    11
688     2010-12-01    12
...            ...   ...
540277  2011-12-09     8
540389  2011-12-09     9
540450  2011-12-09    10
541589  2011-12-09    11
541731  2011-12-09    12

[2893 rows x 2 columns], 'OrderSummary':       InvoiceNo  CustomerID      TimeID  TotalPrice
0        536365     17850.0  2010-12-01      139.12
1        536366     17850.0  2010-12-01       22.20
2        536367     13047.0  2010-12-01      278.73
3        536368     13047.0  2010-12-01       70.05
4        536369     13047.0  2010-12-01       17.85
...         ...         ...         ...         ...
22185   C581484     16446.0  2011-12-09  -168469.60
22186   C581490     14397.0  2011-12-09      -32.53
22187   C581499     15498.0  2011-12-09     -224.69
22188   C581568     15311.0  2011-12-09      -54.75
22189   C581569     17315.0  2011-12-09       -7.50

[22190 rows x 4 columns], 'OrderDetails':        InvoiceNo ProductID  Quantity  CustomerID  IsCancelled
0         536365    85123A         6     17850.0        False
1         536365     71053         6     17850.0        False
2         536365    84406B         8     17850.0        False
3         536365    84029G         6     17850.0        False
4         536365    84029E         6     17850.0        False
...          ...       ...       ...         ...          ...
541904    581587     22613        12     12680.0        False
541905    581587     22899         6     12680.0        False
541906    581587     23254         4     12680.0        False
541907    581587     23255         4     12680.0        False
541908    581587     22138         3     12680.0        False

[406829 rows x 5 columns]}
[2025-10-23T07:00:55.567+0000] {taskinstance.py:341} INFO - ::group::Post task execution logs
[2025-10-23T07:00:55.567+0000] {taskinstance.py:353} INFO - Marking task as SUCCESS. dag_id=online_retail_daily_etl, task_id=transform, run_id=manual__2025-10-23T07:00:49.734261+00:00, execution_date=20251023T070049, start_date=20251023T070054, end_date=20251023T070055
[2025-10-23T07:00:55.625+0000] {local_task_job_runner.py:266} INFO - Task exited with return code 0
[2025-10-23T07:00:55.645+0000] {taskinstance.py:3901} INFO - 1 downstream tasks scheduled from follow-on schedule check
[2025-10-23T07:00:55.647+0000] {local_task_job_runner.py:245} INFO - ::endgroup::
