[2025-10-23T07:00:50.833+0000] {local_task_job_runner.py:123} INFO - ::group::Pre task execution logs
[2025-10-23T07:00:50.845+0000] {taskinstance.py:2614} INFO - Dependencies all met for dep_context=non-requeueable deps ti=<TaskInstance: online_retail_daily_etl.extract manual__2025-10-23T07:00:49.734261+00:00 [queued]>
[2025-10-23T07:00:50.852+0000] {taskinstance.py:2614} INFO - Dependencies all met for dep_context=requeueable deps ti=<TaskInstance: online_retail_daily_etl.extract manual__2025-10-23T07:00:49.734261+00:00 [queued]>
[2025-10-23T07:00:50.853+0000] {taskinstance.py:2867} INFO - Starting attempt 1 of 3
[2025-10-23T07:00:50.862+0000] {taskinstance.py:2890} INFO - Executing <Task(_PythonDecoratedOperator): extract> on 2025-10-23 07:00:49.734261+00:00
[2025-10-23T07:00:50.871+0000] {logging_mixin.py:190} WARNING - /home/***/.local/lib/python3.12/site-packages/***/task/task_runner/standard_task_runner.py:70 DeprecationWarning: This process (pid=746) is multi-threaded, use of fork() may lead to deadlocks in the child.
[2025-10-23T07:00:50.873+0000] {standard_task_runner.py:72} INFO - Started process 748 to run task
[2025-10-23T07:00:50.871+0000] {standard_task_runner.py:104} INFO - Running: ['***', 'tasks', 'run', 'online_retail_daily_etl', 'extract', 'manual__2025-10-23T07:00:49.734261+00:00', '--job-id', '2', '--raw', '--subdir', 'DAGS_FOLDER/etl_retail.py', '--cfg-path', '/tmp/tmpef4txp6r']
[2025-10-23T07:00:50.874+0000] {standard_task_runner.py:105} INFO - Job 2: Subtask extract
[2025-10-23T07:00:50.888+0000] {logging_mixin.py:190} WARNING - /home/***/.local/lib/python3.12/site-packages/***/settings.py:209 DeprecationWarning: The sql_alchemy_conn option in [core] has been moved to the sql_alchemy_conn option in [database] - the old setting has been used, but please update your config.
[2025-10-23T07:00:50.932+0000] {task_command.py:467} INFO - Running <TaskInstance: online_retail_daily_etl.extract manual__2025-10-23T07:00:49.734261+00:00 [running]> on host a0e664e85940
[2025-10-23T07:00:51.004+0000] {taskinstance.py:3134} INFO - Exporting env vars: AIRFLOW_CTX_DAG_OWNER='***' AIRFLOW_CTX_DAG_ID='online_retail_daily_etl' AIRFLOW_CTX_TASK_ID='extract' AIRFLOW_CTX_EXECUTION_DATE='2025-10-23T07:00:49.734261+00:00' AIRFLOW_CTX_TRY_NUMBER='1' AIRFLOW_CTX_DAG_RUN_ID='manual__2025-10-23T07:00:49.734261+00:00'
[2025-10-23T07:00:51.006+0000] {taskinstance.py:732} INFO - ::endgroup::
[2025-10-23T07:00:51.790+0000] {logging_mixin.py:190} WARNING - /opt/***/src/extract.py:11 UserWarning: Could not infer format, so each element will be parsed individually, falling back to `dateutil`. To ensure parsing is consistent and as-expected, please specify a format.
[2025-10-23T07:00:52.724+0000] {python.py:240} INFO - Done. Returned value was:        InvoiceNo StockCode  ... CustomerID         Country
0         536365    85123A  ...    17850.0  United Kingdom
1         536365     71053  ...    17850.0  United Kingdom
2         536365    84406B  ...    17850.0  United Kingdom
3         536365    84029G  ...    17850.0  United Kingdom
4         536365    84029E  ...    17850.0  United Kingdom
...          ...       ...  ...        ...             ...
541904    581587     22613  ...    12680.0          France
541905    581587     22899  ...    12680.0          France
541906    581587     23254  ...    12680.0          France
541907    581587     23255  ...    12680.0          France
541908    581587     22138  ...    12680.0          France

[406829 rows x 8 columns]
[2025-10-23T07:00:53.480+0000] {taskinstance.py:341} INFO - ::group::Post task execution logs
[2025-10-23T07:00:53.481+0000] {taskinstance.py:353} INFO - Marking task as SUCCESS. dag_id=online_retail_daily_etl, task_id=extract, run_id=manual__2025-10-23T07:00:49.734261+00:00, execution_date=20251023T070049, start_date=20251023T070050, end_date=20251023T070053
[2025-10-23T07:00:53.533+0000] {local_task_job_runner.py:266} INFO - Task exited with return code 0
[2025-10-23T07:00:53.558+0000] {taskinstance.py:3901} INFO - 1 downstream tasks scheduled from follow-on schedule check
[2025-10-23T07:00:53.561+0000] {local_task_job_runner.py:245} INFO - ::endgroup::
