[2025-10-23T04:13:29.710+0000] {manager.py:483} INFO - Processing files using up to 2 processes at a time 
[2025-10-23T04:13:29.711+0000] {manager.py:484} INFO - Process each file at most once every 10 seconds
[2025-10-23T04:13:29.711+0000] {manager.py:485} INFO - Checking for new files in /opt/airflow/dags every 300 seconds
[2025-10-23T04:13:29.712+0000] {manager.py:821} INFO - Searching for files in /opt/airflow/dags
[2025-10-23T04:13:29.732+0000] {manager.py:824} INFO - There are 1 files in /opt/airflow/dags
[2025-10-23T04:13:29.781+0000] {manager.py:997} INFO - 
================================================================================
DAG File Processing Stats

File Path                          PID  Runtime      # DAGs    # Errors  Last Runtime    Last Run      Last # of DB Queries
-------------------------------  -----  ---------  --------  ----------  --------------  ----------  ----------------------
/opt/airflow/dags/etl_retail.py    170  0.02s             0           0                                                   0
================================================================================
[2025-10-23T04:14:02.775+0000] {manager.py:997} INFO - 
================================================================================
DAG File Processing Stats

File Path                        PID    Runtime      # DAGs    # Errors  Last Runtime    Last Run               Last # of DB Queries
-------------------------------  -----  ---------  --------  ----------  --------------  -------------------  ----------------------
/opt/airflow/dags/etl_retail.py                           0           1  0.06s           2025-10-23T04:14:01                       5
================================================================================
[2025-10-23T04:14:35.817+0000] {manager.py:997} INFO - 
================================================================================
DAG File Processing Stats

File Path                        PID    Runtime      # DAGs    # Errors  Last Runtime    Last Run               Last # of DB Queries
-------------------------------  -----  ---------  --------  ----------  --------------  -------------------  ----------------------
/opt/airflow/dags/etl_retail.py                           0           1  0.07s           2025-10-23T04:14:33                       5
================================================================================
[2025-10-23T04:15:08.778+0000] {manager.py:997} INFO - 
================================================================================
DAG File Processing Stats

File Path                        PID    Runtime      # DAGs    # Errors  Last Runtime    Last Run               Last # of DB Queries
-------------------------------  -----  ---------  --------  ----------  --------------  -------------------  ----------------------
/opt/airflow/dags/etl_retail.py                           0           1  0.07s           2025-10-23T04:15:06                       5
================================================================================
[2025-10-23T04:15:41.854+0000] {manager.py:997} INFO - 
================================================================================
DAG File Processing Stats

File Path                          PID  Runtime      # DAGs    # Errors  Last Runtime    Last Run               Last # of DB Queries
-------------------------------  -----  ---------  --------  ----------  --------------  -------------------  ----------------------
/opt/airflow/dags/etl_retail.py    240  0.00s             0           1  0.06s           2025-10-23T04:15:31                       5
================================================================================
[2025-10-23T04:16:14.762+0000] {manager.py:997} INFO - 
================================================================================
DAG File Processing Stats

File Path                        PID    Runtime      # DAGs    # Errors  Last Runtime    Last Run               Last # of DB Queries
-------------------------------  -----  ---------  --------  ----------  --------------  -------------------  ----------------------
/opt/airflow/dags/etl_retail.py                           0           1  0.07s           2025-10-23T04:16:13                       5
================================================================================
[2025-10-23T04:16:47.419+0000] {manager.py:997} INFO - 
================================================================================
DAG File Processing Stats

File Path                        PID    Runtime      # DAGs    # Errors  Last Runtime    Last Run               Last # of DB Queries
-------------------------------  -----  ---------  --------  ----------  --------------  -------------------  ----------------------
/opt/airflow/dags/etl_retail.py                           0           1  0.56s           2025-10-23T04:16:46                       5
================================================================================
[2025-10-23T04:17:20.129+0000] {manager.py:997} INFO - 
================================================================================
DAG File Processing Stats

File Path                        PID    Runtime      # DAGs    # Errors  Last Runtime    Last Run               Last # of DB Queries
-------------------------------  -----  ---------  --------  ----------  --------------  -------------------  ----------------------
/opt/airflow/dags/etl_retail.py                           0           1  0.51s           2025-10-23T04:17:12                       5
================================================================================
[2025-10-23T04:17:52.837+0000] {manager.py:997} INFO - 
================================================================================
DAG File Processing Stats

File Path                        PID    Runtime      # DAGs    # Errors  Last Runtime    Last Run               Last # of DB Queries
-------------------------------  -----  ---------  --------  ----------  --------------  -------------------  ----------------------
/opt/airflow/dags/etl_retail.py                           0           1  0.46s           2025-10-23T04:17:44                       5
================================================================================
[2025-10-23T04:18:25.445+0000] {manager.py:997} INFO - 
================================================================================
DAG File Processing Stats

File Path                        PID    Runtime      # DAGs    # Errors  Last Runtime    Last Run               Last # of DB Queries
-------------------------------  -----  ---------  --------  ----------  --------------  -------------------  ----------------------
/opt/airflow/dags/etl_retail.py                           0           1  0.51s           2025-10-23T04:18:15                       5
================================================================================
[2025-10-23T04:18:29.967+0000] {manager.py:821} INFO - Searching for files in /opt/airflow/dags
[2025-10-23T04:18:30.000+0000] {manager.py:824} INFO - There are 1 files in /opt/airflow/dags
[2025-10-23T04:18:58.687+0000] {manager.py:997} INFO - 
================================================================================
DAG File Processing Stats

File Path                        PID    Runtime      # DAGs    # Errors  Last Runtime    Last Run               Last # of DB Queries
-------------------------------  -----  ---------  --------  ----------  --------------  -------------------  ----------------------
/opt/airflow/dags/etl_retail.py                           0           1  0.80s           2025-10-23T04:18:48                       5
================================================================================
[2025-10-23T04:19:31.167+0000] {manager.py:997} INFO - 
================================================================================
DAG File Processing Stats

File Path                          PID  Runtime      # DAGs    # Errors  Last Runtime    Last Run               Last # of DB Queries
-------------------------------  -----  ---------  --------  ----------  --------------  -------------------  ----------------------
/opt/airflow/dags/etl_retail.py    387  0.00s             0           1  0.48s           2025-10-23T04:19:21                       5
================================================================================
[2025-10-23T04:20:04.356+0000] {manager.py:997} INFO - 
================================================================================
DAG File Processing Stats

File Path                        PID    Runtime      # DAGs    # Errors  Last Runtime    Last Run               Last # of DB Queries
-------------------------------  -----  ---------  --------  ----------  --------------  -------------------  ----------------------
/opt/airflow/dags/etl_retail.py                           0           1  0.51s           2025-10-23T04:20:03                       5
================================================================================
[2025-10-23T04:20:37.036+0000] {manager.py:997} INFO - 
================================================================================
DAG File Processing Stats

File Path                        PID    Runtime      # DAGs    # Errors  Last Runtime    Last Run               Last # of DB Queries
-------------------------------  -----  ---------  --------  ----------  --------------  -------------------  ----------------------
/opt/airflow/dags/etl_retail.py                           0           1  0.47s           2025-10-23T04:20:35                       5
================================================================================
[2025-10-23T04:21:09.645+0000] {manager.py:997} INFO - 
================================================================================
DAG File Processing Stats

File Path                        PID    Runtime      # DAGs    # Errors  Last Runtime    Last Run               Last # of DB Queries
-------------------------------  -----  ---------  --------  ----------  --------------  -------------------  ----------------------
/opt/airflow/dags/etl_retail.py                           0           1  0.48s           2025-10-23T04:21:07                       5
================================================================================
[2025-10-23T04:21:42.248+0000] {manager.py:997} INFO - 
================================================================================
DAG File Processing Stats

File Path                        PID    Runtime      # DAGs    # Errors  Last Runtime    Last Run               Last # of DB Queries
-------------------------------  -----  ---------  --------  ----------  --------------  -------------------  ----------------------
/opt/airflow/dags/etl_retail.py                           0           1  0.48s           2025-10-23T04:21:38                       5
================================================================================
[2025-10-23T04:22:14.852+0000] {manager.py:997} INFO - 
================================================================================
DAG File Processing Stats

File Path                        PID    Runtime      # DAGs    # Errors  Last Runtime    Last Run               Last # of DB Queries
-------------------------------  -----  ---------  --------  ----------  --------------  -------------------  ----------------------
/opt/airflow/dags/etl_retail.py                           0           1  0.48s           2025-10-23T04:22:10                       5
================================================================================
[2025-10-23T04:22:47.443+0000] {manager.py:997} INFO - 
================================================================================
DAG File Processing Stats

File Path                        PID    Runtime      # DAGs    # Errors  Last Runtime    Last Run               Last # of DB Queries
-------------------------------  -----  ---------  --------  ----------  --------------  -------------------  ----------------------
/opt/airflow/dags/etl_retail.py                           0           1  0.51s           2025-10-23T04:22:42                       5
================================================================================
[2025-10-23T04:23:20.101+0000] {manager.py:997} INFO - 
================================================================================
DAG File Processing Stats

File Path                        PID    Runtime      # DAGs    # Errors  Last Runtime    Last Run               Last # of DB Queries
-------------------------------  -----  ---------  --------  ----------  --------------  -------------------  ----------------------
/opt/airflow/dags/etl_retail.py                           0           1  0.50s           2025-10-23T04:23:15                       5
================================================================================
[2025-10-23T04:23:30.704+0000] {manager.py:821} INFO - Searching for files in /opt/airflow/dags
[2025-10-23T04:23:30.718+0000] {manager.py:824} INFO - There are 1 files in /opt/airflow/dags
[2025-10-23T04:23:52.880+0000] {manager.py:997} INFO - 
================================================================================
DAG File Processing Stats

File Path                        PID    Runtime      # DAGs    # Errors  Last Runtime    Last Run               Last # of DB Queries
-------------------------------  -----  ---------  --------  ----------  --------------  -------------------  ----------------------
/opt/airflow/dags/etl_retail.py                           0           1  0.57s           2025-10-23T04:23:47                       5
================================================================================
[2025-10-23T04:24:26.160+0000] {manager.py:997} INFO - 
================================================================================
DAG File Processing Stats

File Path                        PID    Runtime      # DAGs    # Errors  Last Runtime    Last Run               Last # of DB Queries
-------------------------------  -----  ---------  --------  ----------  --------------  -------------------  ----------------------
/opt/airflow/dags/etl_retail.py                           0           1  0.52s           2025-10-23T04:24:21                       5
================================================================================
[2025-10-23T04:24:58.833+0000] {manager.py:997} INFO - 
================================================================================
DAG File Processing Stats

File Path                        PID    Runtime      # DAGs    # Errors  Last Runtime    Last Run               Last # of DB Queries
-------------------------------  -----  ---------  --------  ----------  --------------  -------------------  ----------------------
/opt/airflow/dags/etl_retail.py                           0           1  0.48s           2025-10-23T04:24:53                       5
================================================================================
[2025-10-23T04:25:31.680+0000] {manager.py:997} INFO - 
================================================================================
DAG File Processing Stats

File Path                        PID    Runtime      # DAGs    # Errors  Last Runtime    Last Run               Last # of DB Queries
-------------------------------  -----  ---------  --------  ----------  --------------  -------------------  ----------------------
/opt/airflow/dags/etl_retail.py                           0           1  0.46s           2025-10-23T04:25:25                       5
================================================================================
[2025-10-23T04:26:04.396+0000] {manager.py:997} INFO - 
================================================================================
DAG File Processing Stats

File Path                        PID    Runtime      # DAGs    # Errors  Last Runtime    Last Run               Last # of DB Queries
-------------------------------  -----  ---------  --------  ----------  --------------  -------------------  ----------------------
/opt/airflow/dags/etl_retail.py                           0           1  0.53s           2025-10-23T04:25:58                       5
================================================================================
[2025-10-23T04:26:36.984+0000] {manager.py:997} INFO - 
================================================================================
DAG File Processing Stats

File Path                        PID    Runtime      # DAGs    # Errors  Last Runtime    Last Run               Last # of DB Queries
-------------------------------  -----  ---------  --------  ----------  --------------  -------------------  ----------------------
/opt/airflow/dags/etl_retail.py                           0           1  0.47s           2025-10-23T04:26:30                       5
================================================================================
[2025-10-23T04:27:01.876+0000] {manager.py:465} INFO - Exiting gracefully upon receiving signal 15
